  Determining projects to restore...
C:\Users\Malik\source\repos\DogoFinanceAPI\DogoFinanceAPI\DogoFinance.TransactionManagement\DogoFinance.TransactionManagement.csproj : warning NU1903: Package 'AutoMapper' 12.0.1 has a known high severity vulnerability, https://github.com/advisories/GHSA-rvv3-g6hj-g44x [C:\Users\Malik\source\repos\DogoFinanceAPI\DogoFinanceAPI\DogoFinanceAPI.sln]
C:\Users\Malik\source\repos\DogoFinanceAPI\DogoFinanceAPI\DogoFinance.BusinessLogic.Layer\DogoFinance.BusinessLogic.Layer.csproj : warning NU1900: Error occurred while getting package vulnerability data: Unable to load the service index for source https://api.nuget.org/v3/index.json. [C:\Users\Malik\source\repos\DogoFinanceAPI\DogoFinanceAPI\DogoFinanceAPI.sln]
C:\Users\Malik\source\repos\DogoFinanceAPI\DogoFinanceAPI\DogoFinance.CustomerManagement\DogoFinance.CustomerManagement.csproj : warning NU1900: Error occurred while getting package vulnerability data: Unable to load the service index for source https://api.nuget.org/v3/index.json. [C:\Users\Malik\source\repos\DogoFinanceAPI\DogoFinanceAPI\DogoFinanceAPI.sln]
C:\Users\Malik\source\repos\DogoFinanceAPI\DogoFinanceAPI\DogoFinance.AdminManagement\DogoFinance.AdminManagement.csproj : warning NU1900: Error occurred while getting package vulnerability data: Unable to load the service index for source https://api.nuget.org/v3/index.json. [C:\Users\Malik\source\repos\DogoFinanceAPI\DogoFinanceAPI\DogoFinanceAPI.sln]
C:\Users\Malik\source\repos\DogoFinanceAPI\DogoFinanceAPI\DogoFinance.TransactionManagement\DogoFinance.TransactionManagement.csproj : warning NU1903: Package 'Microsoft.Data.SqlClient' 2.1.4 has a known high severity vulnerability, https://github.com/advisories/GHSA-98g6-xh36-x2p7 [C:\Users\Malik\source\repos\DogoFinanceAPI\DogoFinanceAPI\DogoFinanceAPI.sln]
C:\Users\Malik\source\repos\DogoFinanceAPI\DogoFinanceAPI\DogoFinance.TransactionManagement\DogoFinance.TransactionManagement.csproj : warning NU1903: Package 'Microsoft.Extensions.Caching.Memory' 6.0.1 has a known high severity vulnerability, https://github.com/advisories/GHSA-qj66-m88j-hmgj [C:\Users\Malik\source\repos\DogoFinanceAPI\DogoFinanceAPI\DogoFinanceAPI.sln]
C:\Users\Malik\source\repos\DogoFinanceAPI\DogoFinanceAPI\DogoFinance.TransactionManagement\DogoFinance.TransactionManagement.csproj : warning NU1902: Package 'Microsoft.IdentityModel.JsonWebTokens' 6.25.1 has a known moderate severity vulnerability, https://github.com/advisories/GHSA-59j7-ghrg-fj52 [C:\Users\Malik\source\repos\DogoFinanceAPI\DogoFinanceAPI\DogoFinanceAPI.sln]
C:\Users\Malik\source\repos\DogoFinanceAPI\DogoFinanceAPI\DogoFinance.TransactionManagement\DogoFinance.TransactionManagement.csproj : warning NU1904: Package 'System.Drawing.Common' 4.7.0 has a known critical severity vulnerability, https://github.com/advisories/GHSA-rxg9-xrhp-64gj [C:\Users\Malik\source\repos\DogoFinanceAPI\DogoFinanceAPI\DogoFinanceAPI.sln]
C:\Users\Malik\source\repos\DogoFinanceAPI\DogoFinanceAPI\DogoFinance.TransactionManagement\DogoFinance.TransactionManagement.csproj : warning NU1902: Package 'System.IdentityModel.Tokens.Jwt' 6.25.1 has a known moderate severity vulnerability, https://github.com/advisories/GHSA-59j7-ghrg-fj52 [C:\Users\Malik\source\repos\DogoFinanceAPI\DogoFinanceAPI\DogoFinanceAPI.sln]
C:\Users\Malik\source\repos\DogoFinanceAPI\DogoFinanceAPI\DogoFinance.TransactionManagement\DogoFinance.TransactionManagement.csproj : warning NU1904: Package 'System.Text.Encodings.Web' 4.5.0 has a known critical severity vulnerability, https://github.com/advisories/GHSA-ghhp-997w-qr28 [C:\Users\Malik\source\repos\DogoFinanceAPI\DogoFinanceAPI\DogoFinanceAPI.sln]
C:\Users\Malik\source\repos\DogoFinanceAPI\DogoFinanceAPI\DogoFinance.DataAccess.Layer\DogoFinance.DataAccess.Layer.csproj : warning NU1903: Package 'Microsoft.Data.SqlClient' 2.1.4 has a known high severity vulnerability, https://github.com/advisories/GHSA-98g6-xh36-x2p7 [C:\Users\Malik\source\repos\DogoFinanceAPI\DogoFinanceAPI\DogoFinanceAPI.sln]
C:\Users\Malik\source\repos\DogoFinanceAPI\DogoFinanceAPI\DogoFinance.Integration\DogoFinance.Integration.csproj : warning NU1903: Package 'AutoMapper' 12.0.1 has a known high severity vulnerability, https://github.com/advisories/GHSA-rvv3-g6hj-g44x [C:\Users\Malik\source\repos\DogoFinanceAPI\DogoFinanceAPI\DogoFinanceAPI.sln]
C:\Users\Malik\source\repos\DogoFinanceAPI\DogoFinanceAPI\DogoFinance.Api\DogoFinance.Api.csproj : warning NU1903: Package 'AutoMapper' 12.0.1 has a known high severity vulnerability, https://github.com/advisories/GHSA-rvv3-g6hj-g44x [C:\Users\Malik\source\repos\DogoFinanceAPI\DogoFinanceAPI\DogoFinanceAPI.sln]
C:\Users\Malik\source\repos\DogoFinanceAPI\DogoFinanceAPI\DogoFinance.DataAccess.Layer\DogoFinance.DataAccess.Layer.csproj : warning NU1903: Package 'Microsoft.Extensions.Caching.Memory' 6.0.1 has a known high severity vulnerability, https://github.com/advisories/GHSA-qj66-m88j-hmgj [C:\Users\Malik\source\repos\DogoFinanceAPI\DogoFinanceAPI\DogoFinanceAPI.sln]
C:\Users\Malik\source\repos\DogoFinanceAPI\DogoFinanceAPI\DogoFinance.Authentication\DogoFinance.Authentication.csproj : warning NU1903: Package 'AutoMapper' 12.0.1 has a known high severity vulnerability, https://github.com/advisories/GHSA-rvv3-g6hj-g44x [C:\Users\Malik\source\repos\DogoFinanceAPI\DogoFinanceAPI\DogoFinanceAPI.sln]
C:\Users\Malik\source\repos\DogoFinanceAPI\DogoFinanceAPI\DogoFinance.Integration\DogoFinance.Integration.csproj : warning NU1903: Package 'Microsoft.Data.SqlClient' 2.1.4 has a known high severity vulnerability, https://github.com/advisories/GHSA-98g6-xh36-x2p7 [C:\Users\Malik\source\repos\DogoFinanceAPI\DogoFinanceAPI\DogoFinanceAPI.sln]
C:\Users\Malik\source\repos\DogoFinanceAPI\DogoFinanceAPI\DogoFinance.DataAccess.Layer\DogoFinance.DataAccess.Layer.csproj : warning NU1902: Package 'Microsoft.IdentityModel.JsonWebTokens' 6.8.0 has a known moderate severity vulnerability, https://github.com/advisories/GHSA-59j7-ghrg-fj52 [C:\Users\Malik\source\repos\DogoFinanceAPI\DogoFinanceAPI\DogoFinanceAPI.sln]
C:\Users\Malik\source\repos\DogoFinanceAPI\DogoFinanceAPI\DogoFinance.DataAccess.Layer\DogoFinance.DataAccess.Layer.csproj : warning NU1904: Package 'System.Drawing.Common' 4.7.0 has a known critical severity vulnerability, https://github.com/advisories/GHSA-rxg9-xrhp-64gj [C:\Users\Malik\source\repos\DogoFinanceAPI\DogoFinanceAPI\DogoFinanceAPI.sln]
C:\Users\Malik\source\repos\DogoFinanceAPI\DogoFinanceAPI\DogoFinance.Integration\DogoFinance.Integration.csproj : warning NU1903: Package 'Microsoft.Extensions.Caching.Memory' 6.0.1 has a known high severity vulnerability, https://github.com/advisories/GHSA-qj66-m88j-hmgj [C:\Users\Malik\source\repos\DogoFinanceAPI\DogoFinanceAPI\DogoFinanceAPI.sln]
C:\Users\Malik\source\repos\DogoFinanceAPI\DogoFinanceAPI\DogoFinance.Api\DogoFinance.Api.csproj : warning NU1903: Package 'Microsoft.Data.SqlClient' 2.1.4 has a known high severity vulnerability, https://github.com/advisories/GHSA-98g6-xh36-x2p7 [C:\Users\Malik\source\repos\DogoFinanceAPI\DogoFinanceAPI\DogoFinanceAPI.sln]
C:\Users\Malik\source\repos\DogoFinanceAPI\DogoFinanceAPI\DogoFinance.DataAccess.Layer\DogoFinance.DataAccess.Layer.csproj : warning NU1902: Package 'System.IdentityModel.Tokens.Jwt' 6.8.0 has a known moderate severity vulnerability, https://github.com/advisories/GHSA-59j7-ghrg-fj52 [C:\Users\Malik\source\repos\DogoFinanceAPI\DogoFinanceAPI\DogoFinanceAPI.sln]
C:\Users\Malik\source\repos\DogoFinanceAPI\DogoFinanceAPI\DogoFinance.Integration\DogoFinance.Integration.csproj : warning NU1902: Package 'Microsoft.IdentityModel.JsonWebTokens' 6.8.0 has a known moderate severity vulnerability, https://github.com/advisories/GHSA-59j7-ghrg-fj52 [C:\Users\Malik\source\repos\DogoFinanceAPI\DogoFinanceAPI\DogoFinanceAPI.sln]
C:\Users\Malik\source\repos\DogoFinanceAPI\DogoFinanceAPI\DogoFinance.Authentication\DogoFinance.Authentication.csproj : warning NU1903: Package 'Microsoft.Data.SqlClient' 2.1.4 has a known high severity vulnerability, https://github.com/advisories/GHSA-98g6-xh36-x2p7 [C:\Users\Malik\source\repos\DogoFinanceAPI\DogoFinanceAPI\DogoFinanceAPI.sln]
C:\Users\Malik\source\repos\DogoFinanceAPI\DogoFinanceAPI\DogoFinance.Api\DogoFinance.Api.csproj : warning NU1903: Package 'Microsoft.Extensions.Caching.Memory' 6.0.1 has a known high severity vulnerability, https://github.com/advisories/GHSA-qj66-m88j-hmgj [C:\Users\Malik\source\repos\DogoFinanceAPI\DogoFinanceAPI\DogoFinanceAPI.sln]
C:\Users\Malik\source\repos\DogoFinanceAPI\DogoFinanceAPI\DogoFinance.Integration\DogoFinance.Integration.csproj : warning NU1904: Package 'System.Drawing.Common' 4.7.0 has a known critical severity vulnerability, https://github.com/advisories/GHSA-rxg9-xrhp-64gj [C:\Users\Malik\source\repos\DogoFinanceAPI\DogoFinanceAPI\DogoFinanceAPI.sln]
C:\Users\Malik\source\repos\DogoFinanceAPI\DogoFinanceAPI\DogoFinance.Authentication\DogoFinance.Authentication.csproj : warning NU1903: Package 'Microsoft.Extensions.Caching.Memory' 6.0.1 has a known high severity vulnerability, https://github.com/advisories/GHSA-qj66-m88j-hmgj [C:\Users\Malik\source\repos\DogoFinanceAPI\DogoFinanceAPI\DogoFinanceAPI.sln]
C:\Users\Malik\source\repos\DogoFinanceAPI\DogoFinanceAPI\DogoFinance.Integration\DogoFinance.Integration.csproj : warning NU1902: Package 'System.IdentityModel.Tokens.Jwt' 6.8.0 has a known moderate severity vulnerability, https://github.com/advisories/GHSA-59j7-ghrg-fj52 [C:\Users\Malik\source\repos\DogoFinanceAPI\DogoFinanceAPI\DogoFinanceAPI.sln]
C:\Users\Malik\source\repos\DogoFinanceAPI\DogoFinanceAPI\DogoFinance.Api\DogoFinance.Api.csproj : warning NU1902: Package 'Microsoft.IdentityModel.JsonWebTokens' 6.25.1 has a known moderate severity vulnerability, https://github.com/advisories/GHSA-59j7-ghrg-fj52 [C:\Users\Malik\source\repos\DogoFinanceAPI\DogoFinanceAPI\DogoFinanceAPI.sln]
C:\Users\Malik\source\repos\DogoFinanceAPI\DogoFinanceAPI\DogoFinance.Integration\DogoFinance.Integration.csproj : warning NU1904: Package 'System.Text.Encodings.Web' 4.5.0 has a known critical severity vulnerability, https://github.com/advisories/GHSA-ghhp-997w-qr28 [C:\Users\Malik\source\repos\DogoFinanceAPI\DogoFinanceAPI\DogoFinanceAPI.sln]
C:\Users\Malik\source\repos\DogoFinanceAPI\DogoFinanceAPI\DogoFinance.Authentication\DogoFinance.Authentication.csproj : warning NU1902: Package 'Microsoft.IdentityModel.JsonWebTokens' 6.25.1 has a known moderate severity vulnerability, https://github.com/advisories/GHSA-59j7-ghrg-fj52 [C:\Users\Malik\source\repos\DogoFinanceAPI\DogoFinanceAPI\DogoFinanceAPI.sln]
C:\Users\Malik\source\repos\DogoFinanceAPI\DogoFinanceAPI\DogoFinance.Api\DogoFinance.Api.csproj : warning NU1904: Package 'System.Drawing.Common' 4.7.0 has a known critical severity vulnerability, https://github.com/advisories/GHSA-rxg9-xrhp-64gj [C:\Users\Malik\source\repos\DogoFinanceAPI\DogoFinanceAPI\DogoFinanceAPI.sln]
C:\Users\Malik\source\repos\DogoFinanceAPI\DogoFinanceAPI\DogoFinance.Authentication\DogoFinance.Authentication.csproj : warning NU1904: Package 'System.Drawing.Common' 4.7.0 has a known critical severity vulnerability, https://github.com/advisories/GHSA-rxg9-xrhp-64gj [C:\Users\Malik\source\repos\DogoFinanceAPI\DogoFinanceAPI\DogoFinanceAPI.sln]
C:\Users\Malik\source\repos\DogoFinanceAPI\DogoFinanceAPI\DogoFinance.Api\DogoFinance.Api.csproj : warning NU1902: Package 'System.IdentityModel.Tokens.Jwt' 6.25.1 has a known moderate severity vulnerability, https://github.com/advisories/GHSA-59j7-ghrg-fj52 [C:\Users\Malik\source\repos\DogoFinanceAPI\DogoFinanceAPI\DogoFinanceAPI.sln]
C:\Users\Malik\source\repos\DogoFinanceAPI\DogoFinanceAPI\DogoFinance.Authentication\DogoFinance.Authentication.csproj : warning NU1902: Package 'System.IdentityModel.Tokens.Jwt' 6.25.1 has a known moderate severity vulnerability, https://github.com/advisories/GHSA-59j7-ghrg-fj52 [C:\Users\Malik\source\repos\DogoFinanceAPI\DogoFinanceAPI\DogoFinanceAPI.sln]
C:\Users\Malik\source\repos\DogoFinanceAPI\DogoFinanceAPI\DogoFinance.Api\DogoFinance.Api.csproj : warning NU1904: Package 'System.Text.Encodings.Web' 4.5.0 has a known critical severity vulnerability, https://github.com/advisories/GHSA-ghhp-997w-qr28 [C:\Users\Malik\source\repos\DogoFinanceAPI\DogoFinanceAPI\DogoFinanceAPI.sln]
C:\Users\Malik\source\repos\DogoFinanceAPI\DogoFinanceAPI\DogoFinance.Authentication\DogoFinance.Authentication.csproj : warning NU1904: Package 'System.Text.Encodings.Web' 4.5.0 has a known critical severity vulnerability, https://github.com/advisories/GHSA-ghhp-997w-qr28 [C:\Users\Malik\source\repos\DogoFinanceAPI\DogoFinanceAPI\DogoFinanceAPI.sln]
C:\Users\Malik\source\repos\DogoFinanceAPI\DogoFinanceAPI\DogoFinance.ProductManagement\DogoFinance.ProductManagement.csproj : warning NU1903: Package 'AutoMapper' 12.0.1 has a known high severity vulnerability, https://github.com/advisories/GHSA-rvv3-g6hj-g44x [C:\Users\Malik\source\repos\DogoFinanceAPI\DogoFinanceAPI\DogoFinanceAPI.sln]
C:\Users\Malik\source\repos\DogoFinanceAPI\DogoFinanceAPI\DogoFinance.ProductManagement\DogoFinance.ProductManagement.csproj : warning NU1903: Package 'Microsoft.Data.SqlClient' 2.1.4 has a known high severity vulnerability, https://github.com/advisories/GHSA-98g6-xh36-x2p7 [C:\Users\Malik\source\repos\DogoFinanceAPI\DogoFinanceAPI\DogoFinanceAPI.sln]
C:\Users\Malik\source\repos\DogoFinanceAPI\DogoFinanceAPI\DogoFinance.ProductManagement\DogoFinance.ProductManagement.csproj : warning NU1903: Package 'Microsoft.Extensions.Caching.Memory' 6.0.1 has a known high severity vulnerability, https://github.com/advisories/GHSA-qj66-m88j-hmgj [C:\Users\Malik\source\repos\DogoFinanceAPI\DogoFinanceAPI\DogoFinanceAPI.sln]
C:\Users\Malik\source\repos\DogoFinanceAPI\DogoFinanceAPI\DogoFinance.ProductManagement\DogoFinance.ProductManagement.csproj : warning NU1902: Package 'Microsoft.IdentityModel.JsonWebTokens' 6.25.1 has a known moderate severity vulnerability, https://github.com/advisories/GHSA-59j7-ghrg-fj52 [C:\Users\Malik\source\repos\DogoFinanceAPI\DogoFinanceAPI\DogoFinanceAPI.sln]
C:\Users\Malik\source\repos\DogoFinanceAPI\DogoFinanceAPI\DogoFinance.ProductManagement\DogoFinance.ProductManagement.csproj : warning NU1904: Package 'System.Drawing.Common' 4.7.0 has a known critical severity vulnerability, https://github.com/advisories/GHSA-rxg9-xrhp-64gj [C:\Users\Malik\source\repos\DogoFinanceAPI\DogoFinanceAPI\DogoFinanceAPI.sln]
C:\Users\Malik\source\repos\DogoFinanceAPI\DogoFinanceAPI\DogoFinance.ProductManagement\DogoFinance.ProductManagement.csproj : warning NU1902: Package 'System.IdentityModel.Tokens.Jwt' 6.25.1 has a known moderate severity vulnerability, https://github.com/advisories/GHSA-59j7-ghrg-fj52 [C:\Users\Malik\source\repos\DogoFinanceAPI\DogoFinanceAPI\DogoFinanceAPI.sln]
C:\Users\Malik\source\repos\DogoFinanceAPI\DogoFinanceAPI\DogoFinance.ProductManagement\DogoFinance.ProductManagement.csproj : warning NU1904: Package 'System.Text.Encodings.Web' 4.5.0 has a known critical severity vulnerability, https://github.com/advisories/GHSA-ghhp-997w-qr28 [C:\Users\Malik\source\repos\DogoFinanceAPI\DogoFinanceAPI\DogoFinanceAPI.sln]
  All projects are up-to-date for restore.
C:\Users\Malik\source\repos\DogoFinanceAPI\DogoFinanceAPI\DogoFinance.Authentication\DogoFinance.Authentication.csproj : warning NU1903: Package 'AutoMapper' 12.0.1 has a known high severity vulnerability, https://github.com/advisories/GHSA-rvv3-g6hj-g44x
C:\Users\Malik\source\repos\DogoFinanceAPI\DogoFinanceAPI\DogoFinance.Authentication\DogoFinance.Authentication.csproj : warning NU1903: Package 'Microsoft.Data.SqlClient' 2.1.4 has a known high severity vulnerability, https://github.com/advisories/GHSA-98g6-xh36-x2p7
C:\Users\Malik\source\repos\DogoFinanceAPI\DogoFinanceAPI\DogoFinance.Integration\DogoFinance.Integration.csproj : warning NU1903: Package 'AutoMapper' 12.0.1 has a known high severity vulnerability, https://github.com/advisories/GHSA-rvv3-g6hj-g44x
C:\Users\Malik\source\repos\DogoFinanceAPI\DogoFinanceAPI\DogoFinance.DataAccess.Layer\DogoFinance.DataAccess.Layer.csproj : warning NU1903: Package 'Microsoft.Data.SqlClient' 2.1.4 has a known high severity vulnerability, https://github.com/advisories/GHSA-98g6-xh36-x2p7
C:\Users\Malik\source\repos\DogoFinanceAPI\DogoFinanceAPI\DogoFinance.Integration\DogoFinance.Integration.csproj : warning NU1903: Package 'Microsoft.Data.SqlClient' 2.1.4 has a known high severity vulnerability, https://github.com/advisories/GHSA-98g6-xh36-x2p7
C:\Users\Malik\source\repos\DogoFinanceAPI\DogoFinanceAPI\DogoFinance.DataAccess.Layer\DogoFinance.DataAccess.Layer.csproj : warning NU1903: Package 'Microsoft.Extensions.Caching.Memory' 6.0.1 has a known high severity vulnerability, https://github.com/advisories/GHSA-qj66-m88j-hmgj
C:\Users\Malik\source\repos\DogoFinanceAPI\DogoFinanceAPI\DogoFinance.DataAccess.Layer\DogoFinance.DataAccess.Layer.csproj : warning NU1902: Package 'Microsoft.IdentityModel.JsonWebTokens' 6.8.0 has a known moderate severity vulnerability, https://github.com/advisories/GHSA-59j7-ghrg-fj52
C:\Users\Malik\source\repos\DogoFinanceAPI\DogoFinanceAPI\DogoFinance.DataAccess.Layer\DogoFinance.DataAccess.Layer.csproj : warning NU1904: Package 'System.Drawing.Common' 4.7.0 has a known critical severity vulnerability, https://github.com/advisories/GHSA-rxg9-xrhp-64gj
C:\Users\Malik\source\repos\DogoFinanceAPI\DogoFinanceAPI\DogoFinance.AdminManagement\DogoFinance.AdminManagement.csproj : warning NU1900: Error occurred while getting package vulnerability data: Unable to load the service index for source https://api.nuget.org/v3/index.json.
C:\Users\Malik\source\repos\DogoFinanceAPI\DogoFinanceAPI\DogoFinance.Integration\DogoFinance.Integration.csproj : warning NU1903: Package 'Microsoft.Extensions.Caching.Memory' 6.0.1 has a known high severity vulnerability, https://github.com/advisories/GHSA-qj66-m88j-hmgj
C:\Users\Malik\source\repos\DogoFinanceAPI\DogoFinanceAPI\DogoFinance.Authentication\DogoFinance.Authentication.csproj : warning NU1903: Package 'Microsoft.Extensions.Caching.Memory' 6.0.1 has a known high severity vulnerability, https://github.com/advisories/GHSA-qj66-m88j-hmgj
C:\Users\Malik\source\repos\DogoFinanceAPI\DogoFinanceAPI\DogoFinance.CustomerManagement\DogoFinance.CustomerManagement.csproj : warning NU1900: Error occurred while getting package vulnerability data: Unable to load the service index for source https://api.nuget.org/v3/index.json.
C:\Users\Malik\source\repos\DogoFinanceAPI\DogoFinanceAPI\DogoFinance.DataAccess.Layer\DogoFinance.DataAccess.Layer.csproj : warning NU1902: Package 'System.IdentityModel.Tokens.Jwt' 6.8.0 has a known moderate severity vulnerability, https://github.com/advisories/GHSA-59j7-ghrg-fj52
C:\Users\Malik\source\repos\DogoFinanceAPI\DogoFinanceAPI\DogoFinance.Integration\DogoFinance.Integration.csproj : warning NU1902: Package 'Microsoft.IdentityModel.JsonWebTokens' 6.8.0 has a known moderate severity vulnerability, https://github.com/advisories/GHSA-59j7-ghrg-fj52
C:\Users\Malik\source\repos\DogoFinanceAPI\DogoFinanceAPI\DogoFinance.Authentication\DogoFinance.Authentication.csproj : warning NU1902: Package 'Microsoft.IdentityModel.JsonWebTokens' 6.25.1 has a known moderate severity vulnerability, https://github.com/advisories/GHSA-59j7-ghrg-fj52
C:\Users\Malik\source\repos\DogoFinanceAPI\DogoFinanceAPI\DogoFinance.Integration\DogoFinance.Integration.csproj : warning NU1904: Package 'System.Drawing.Common' 4.7.0 has a known critical severity vulnerability, https://github.com/advisories/GHSA-rxg9-xrhp-64gj
C:\Users\Malik\source\repos\DogoFinanceAPI\DogoFinanceAPI\DogoFinance.Authentication\DogoFinance.Authentication.csproj : warning NU1904: Package 'System.Drawing.Common' 4.7.0 has a known critical severity vulnerability, https://github.com/advisories/GHSA-rxg9-xrhp-64gj
C:\Users\Malik\source\repos\DogoFinanceAPI\DogoFinanceAPI\DogoFinance.BusinessLogic.Layer\DogoFinance.BusinessLogic.Layer.csproj : warning NU1900: Error occurred while getting package vulnerability data: Unable to load the service index for source https://api.nuget.org/v3/index.json.
C:\Users\Malik\source\repos\DogoFinanceAPI\DogoFinanceAPI\DogoFinance.Integration\DogoFinance.Integration.csproj : warning NU1902: Package 'System.IdentityModel.Tokens.Jwt' 6.8.0 has a known moderate severity vulnerability, https://github.com/advisories/GHSA-59j7-ghrg-fj52
C:\Users\Malik\source\repos\DogoFinanceAPI\DogoFinanceAPI\DogoFinance.Authentication\DogoFinance.Authentication.csproj : warning NU1902: Package 'System.IdentityModel.Tokens.Jwt' 6.25.1 has a known moderate severity vulnerability, https://github.com/advisories/GHSA-59j7-ghrg-fj52
C:\Users\Malik\source\repos\DogoFinanceAPI\DogoFinanceAPI\DogoFinance.Integration\DogoFinance.Integration.csproj : warning NU1904: Package 'System.Text.Encodings.Web' 4.5.0 has a known critical severity vulnerability, https://github.com/advisories/GHSA-ghhp-997w-qr28
C:\Users\Malik\source\repos\DogoFinanceAPI\DogoFinanceAPI\DogoFinance.Authentication\DogoFinance.Authentication.csproj : warning NU1904: Package 'System.Text.Encodings.Web' 4.5.0 has a known critical severity vulnerability, https://github.com/advisories/GHSA-ghhp-997w-qr28
C:\Users\Malik\source\repos\DogoFinanceAPI\DogoFinanceAPI\DogoFinance.TransactionManagement\DogoFinance.TransactionManagement.csproj : warning NU1903: Package 'AutoMapper' 12.0.1 has a known high severity vulnerability, https://github.com/advisories/GHSA-rvv3-g6hj-g44x
  DogoFinance.DataAccess.Layer -> C:\Users\Malik\source\repos\DogoFinanceAPI\DogoFinanceAPI\DogoFinance.DataAccess.Layer\bin\Debug\net6.0\DogoFinance.DataAccess.Layer.dll
C:\Users\Malik\source\repos\DogoFinanceAPI\DogoFinanceAPI\DogoFinance.TransactionManagement\DogoFinance.TransactionManagement.csproj : warning NU1903: Package 'Microsoft.Data.SqlClient' 2.1.4 has a known high severity vulnerability, https://github.com/advisories/GHSA-98g6-xh36-x2p7
C:\Users\Malik\source\repos\DogoFinanceAPI\DogoFinanceAPI\DogoFinance.TransactionManagement\DogoFinance.TransactionManagement.csproj : warning NU1903: Package 'Microsoft.Extensions.Caching.Memory' 6.0.1 has a known high severity vulnerability, https://github.com/advisories/GHSA-qj66-m88j-hmgj
C:\Users\Malik\source\repos\DogoFinanceAPI\DogoFinanceAPI\DogoFinance.TransactionManagement\DogoFinance.TransactionManagement.csproj : warning NU1902: Package 'Microsoft.IdentityModel.JsonWebTokens' 6.25.1 has a known moderate severity vulnerability, https://github.com/advisories/GHSA-59j7-ghrg-fj52
C:\Users\Malik\source\repos\DogoFinanceAPI\DogoFinanceAPI\DogoFinance.TransactionManagement\DogoFinance.TransactionManagement.csproj : warning NU1904: Package 'System.Drawing.Common' 4.7.0 has a known critical severity vulnerability, https://github.com/advisories/GHSA-rxg9-xrhp-64gj
C:\Users\Malik\source\repos\DogoFinanceAPI\DogoFinanceAPI\DogoFinance.TransactionManagement\DogoFinance.TransactionManagement.csproj : warning NU1902: Package 'System.IdentityModel.Tokens.Jwt' 6.25.1 has a known moderate severity vulnerability, https://github.com/advisories/GHSA-59j7-ghrg-fj52
C:\Users\Malik\source\repos\DogoFinanceAPI\DogoFinanceAPI\DogoFinance.TransactionManagement\DogoFinance.TransactionManagement.csproj : warning NU1904: Package 'System.Text.Encodings.Web' 4.5.0 has a known critical severity vulnerability, https://github.com/advisories/GHSA-ghhp-997w-qr28
C:\Users\Malik\source\repos\DogoFinanceAPI\DogoFinanceAPI\DogoFinance.ProductManagement\DogoFinance.ProductManagement.csproj : warning NU1903: Package 'AutoMapper' 12.0.1 has a known high severity vulnerability, https://github.com/advisories/GHSA-rvv3-g6hj-g44x
C:\Users\Malik\source\repos\DogoFinanceAPI\DogoFinanceAPI\DogoFinance.ProductManagement\DogoFinance.ProductManagement.csproj : warning NU1903: Package 'Microsoft.Data.SqlClient' 2.1.4 has a known high severity vulnerability, https://github.com/advisories/GHSA-98g6-xh36-x2p7
C:\Users\Malik\source\repos\DogoFinanceAPI\DogoFinanceAPI\DogoFinance.ProductManagement\DogoFinance.ProductManagement.csproj : warning NU1903: Package 'Microsoft.Extensions.Caching.Memory' 6.0.1 has a known high severity vulnerability, https://github.com/advisories/GHSA-qj66-m88j-hmgj
C:\Users\Malik\source\repos\DogoFinanceAPI\DogoFinanceAPI\DogoFinance.ProductManagement\DogoFinance.ProductManagement.csproj : warning NU1902: Package 'Microsoft.IdentityModel.JsonWebTokens' 6.25.1 has a known moderate severity vulnerability, https://github.com/advisories/GHSA-59j7-ghrg-fj52
C:\Users\Malik\source\repos\DogoFinanceAPI\DogoFinanceAPI\DogoFinance.ProductManagement\DogoFinance.ProductManagement.csproj : warning NU1904: Package 'System.Drawing.Common' 4.7.0 has a known critical severity vulnerability, https://github.com/advisories/GHSA-rxg9-xrhp-64gj
C:\Users\Malik\source\repos\DogoFinanceAPI\DogoFinanceAPI\DogoFinance.ProductManagement\DogoFinance.ProductManagement.csproj : warning NU1902: Package 'System.IdentityModel.Tokens.Jwt' 6.25.1 has a known moderate severity vulnerability, https://github.com/advisories/GHSA-59j7-ghrg-fj52
C:\Users\Malik\source\repos\DogoFinanceAPI\DogoFinanceAPI\DogoFinance.ProductManagement\DogoFinance.ProductManagement.csproj : warning NU1904: Package 'System.Text.Encodings.Web' 4.5.0 has a known critical severity vulnerability, https://github.com/advisories/GHSA-ghhp-997w-qr28
C:\Users\Malik\source\repos\DogoFinanceAPI\DogoFinanceAPI\DogoFinance.Api\DogoFinance.Api.csproj : warning NU1903: Package 'AutoMapper' 12.0.1 has a known high severity vulnerability, https://github.com/advisories/GHSA-rvv3-g6hj-g44x
C:\Users\Malik\source\repos\DogoFinanceAPI\DogoFinanceAPI\DogoFinance.Api\DogoFinance.Api.csproj : warning NU1903: Package 'Microsoft.Data.SqlClient' 2.1.4 has a known high severity vulnerability, https://github.com/advisories/GHSA-98g6-xh36-x2p7
C:\Users\Malik\source\repos\DogoFinanceAPI\DogoFinanceAPI\DogoFinance.Api\DogoFinance.Api.csproj : warning NU1903: Package 'Microsoft.Extensions.Caching.Memory' 6.0.1 has a known high severity vulnerability, https://github.com/advisories/GHSA-qj66-m88j-hmgj
C:\Users\Malik\source\repos\DogoFinanceAPI\DogoFinanceAPI\DogoFinance.Api\DogoFinance.Api.csproj : warning NU1902: Package 'Microsoft.IdentityModel.JsonWebTokens' 6.25.1 has a known moderate severity vulnerability, https://github.com/advisories/GHSA-59j7-ghrg-fj52
C:\Users\Malik\source\repos\DogoFinanceAPI\DogoFinanceAPI\DogoFinance.Api\DogoFinance.Api.csproj : warning NU1904: Package 'System.Drawing.Common' 4.7.0 has a known critical severity vulnerability, https://github.com/advisories/GHSA-rxg9-xrhp-64gj
C:\Users\Malik\source\repos\DogoFinanceAPI\DogoFinanceAPI\DogoFinance.Api\DogoFinance.Api.csproj : warning NU1902: Package 'System.IdentityModel.Tokens.Jwt' 6.25.1 has a known moderate severity vulnerability, https://github.com/advisories/GHSA-59j7-ghrg-fj52
C:\Users\Malik\source\repos\DogoFinanceAPI\DogoFinanceAPI\DogoFinance.Api\DogoFinance.Api.csproj : warning NU1904: Package 'System.Text.Encodings.Web' 4.5.0 has a known critical severity vulnerability, https://github.com/advisories/GHSA-ghhp-997w-qr28
  DogoFinance.BusinessLogic.Layer -> C:\Users\Malik\source\repos\DogoFinanceAPI\DogoFinanceAPI\DogoFinance.BusinessLogic.Layer\bin\Debug\net6.0\DogoFinance.BusinessLogic.Layer.dll
  DogoFinance.Integration -> C:\Users\Malik\source\repos\DogoFinanceAPI\DogoFinanceAPI\DogoFinance.Integration\bin\Debug\net6.0\DogoFinance.Integration.dll
  DogoFinance.Authentication -> C:\Users\Malik\source\repos\DogoFinanceAPI\DogoFinanceAPI\DogoFinance.Authentication\bin\Debug\net6.0\DogoFinance.Authentication.dll
  DogoFinance.TransactionManagement -> C:\Users\Malik\source\repos\DogoFinanceAPI\DogoFinanceAPI\DogoFinance.TransactionManagement\bin\Debug\net6.0\DogoFinance.TransactionManagement.dll
  DogoFinance.CustomerManagement -> C:\Users\Malik\source\repos\DogoFinanceAPI\DogoFinanceAPI\DogoFinance.CustomerManagement\bin\Debug\net6.0\DogoFinance.CustomerManagement.dll
  DogoFinance.AdminManagement -> C:\Users\Malik\source\repos\DogoFinanceAPI\DogoFinanceAPI\DogoFinance.AdminManagement\bin\Debug\net6.0\DogoFinance.AdminManagement.dll
  DogoFinance.ProductManagement -> C:\Users\Malik\source\repos\DogoFinanceAPI\DogoFinanceAPI\DogoFinance.ProductManagement\bin\Debug\net6.0\DogoFinance.ProductManagement.dll
C:\Users\Malik\source\repos\DogoFinanceAPI\DogoFinanceAPI\DogoFinance.Api\Extensions\ServiceCollectionExtensions.cs(10,39): error CS0234: The type or namespace name 'Interfaces' does not exist in the namespace 'DogoFinance.BusinessLogic.Layer' (are you missing an assembly reference?) [C:\Users\Malik\source\repos\DogoFinanceAPI\DogoFinanceAPI\DogoFinance.Api\DogoFinance.Api.csproj]
C:\Users\Malik\source\repos\DogoFinanceAPI\DogoFinanceAPI\DogoFinance.Api\Extensions\ServiceCollectionExtensions.cs(11,39): error CS0234: The type or namespace name 'Services' does not exist in the namespace 'DogoFinance.BusinessLogic.Layer' (are you missing an assembly reference?) [C:\Users\Malik\source\repos\DogoFinanceAPI\DogoFinanceAPI\DogoFinance.Api\DogoFinance.Api.csproj]

Build FAILED.

C:\Users\Malik\source\repos\DogoFinanceAPI\DogoFinanceAPI\DogoFinance.TransactionManagement\DogoFinance.TransactionManagement.csproj : warning NU1903: Package 'AutoMapper' 12.0.1 has a known high severity vulnerability, https://github.com/advisories/GHSA-rvv3-g6hj-g44x [C:\Users\Malik\source\repos\DogoFinanceAPI\DogoFinanceAPI\DogoFinanceAPI.sln]
C:\Users\Malik\source\repos\DogoFinanceAPI\DogoFinanceAPI\DogoFinance.BusinessLogic.Layer\DogoFinance.BusinessLogic.Layer.csproj : warning NU1900: Error occurred while getting package vulnerability data: Unable to load the service index for source https://api.nuget.org/v3/index.json. [C:\Users\Malik\source\repos\DogoFinanceAPI\DogoFinanceAPI\DogoFinanceAPI.sln]
C:\Users\Malik\source\repos\DogoFinanceAPI\DogoFinanceAPI\DogoFinance.CustomerManagement\DogoFinance.CustomerManagement.csproj : warning NU1900: Error occurred while getting package vulnerability data: Unable to load the service index for source https://api.nuget.org/v3/index.json. [C:\Users\Malik\source\repos\DogoFinanceAPI\DogoFinanceAPI\DogoFinanceAPI.sln]
C:\Users\Malik\source\repos\DogoFinanceAPI\DogoFinanceAPI\DogoFinance.AdminManagement\DogoFinance.AdminManagement.csproj : warning NU1900: Error occurred while getting package vulnerability data: Unable to load the service index for source https://api.nuget.org/v3/index.json. [C:\Users\Malik\source\repos\DogoFinanceAPI\DogoFinanceAPI\DogoFinanceAPI.sln]
C:\Users\Malik\source\repos\DogoFinanceAPI\DogoFinanceAPI\DogoFinance.TransactionManagement\DogoFinance.TransactionManagement.csproj : warning NU1903: Package 'Microsoft.Data.SqlClient' 2.1.4 has a known high severity vulnerability, https://github.com/advisories/GHSA-98g6-xh36-x2p7 [C:\Users\Malik\source\repos\DogoFinanceAPI\DogoFinanceAPI\DogoFinanceAPI.sln]
C:\Users\Malik\source\repos\DogoFinanceAPI\DogoFinanceAPI\DogoFinance.TransactionManagement\DogoFinance.TransactionManagement.csproj : warning NU1903: Package 'Microsoft.Extensions.Caching.Memory' 6.0.1 has a known high severity vulnerability, https://github.com/advisories/GHSA-qj66-m88j-hmgj [C:\Users\Malik\source\repos\DogoFinanceAPI\DogoFinanceAPI\DogoFinanceAPI.sln]
C:\Users\Malik\source\repos\DogoFinanceAPI\DogoFinanceAPI\DogoFinance.TransactionManagement\DogoFinance.TransactionManagement.csproj : warning NU1902: Package 'Microsoft.IdentityModel.JsonWebTokens' 6.25.1 has a known moderate severity vulnerability, https://github.com/advisories/GHSA-59j7-ghrg-fj52 [C:\Users\Malik\source\repos\DogoFinanceAPI\DogoFinanceAPI\DogoFinanceAPI.sln]
C:\Users\Malik\source\repos\DogoFinanceAPI\DogoFinanceAPI\DogoFinance.TransactionManagement\DogoFinance.TransactionManagement.csproj : warning NU1904: Package 'System.Drawing.Common' 4.7.0 has a known critical severity vulnerability, https://github.com/advisories/GHSA-rxg9-xrhp-64gj [C:\Users\Malik\source\repos\DogoFinanceAPI\DogoFinanceAPI\DogoFinanceAPI.sln]
C:\Users\Malik\source\repos\DogoFinanceAPI\DogoFinanceAPI\DogoFinance.TransactionManagement\DogoFinance.TransactionManagement.csproj : warning NU1902: Package 'System.IdentityModel.Tokens.Jwt' 6.25.1 has a known moderate severity vulnerability, https://github.com/advisories/GHSA-59j7-ghrg-fj52 [C:\Users\Malik\source\repos\DogoFinanceAPI\DogoFinanceAPI\DogoFinanceAPI.sln]
C:\Users\Malik\source\repos\DogoFinanceAPI\DogoFinanceAPI\DogoFinance.TransactionManagement\DogoFinance.TransactionManagement.csproj : warning NU1904: Package 'System.Text.Encodings.Web' 4.5.0 has a known critical severity vulnerability, https://github.com/advisories/GHSA-ghhp-997w-qr28 [C:\Users\Malik\source\repos\DogoFinanceAPI\DogoFinanceAPI\DogoFinanceAPI.sln]
C:\Users\Malik\source\repos\DogoFinanceAPI\DogoFinanceAPI\DogoFinance.DataAccess.Layer\DogoFinance.DataAccess.Layer.csproj : warning NU1903: Package 'Microsoft.Data.SqlClient' 2.1.4 has a known high severity vulnerability, https://github.com/advisories/GHSA-98g6-xh36-x2p7 [C:\Users\Malik\source\repos\DogoFinanceAPI\DogoFinanceAPI\DogoFinanceAPI.sln]
C:\Users\Malik\source\repos\DogoFinanceAPI\DogoFinanceAPI\DogoFinance.Integration\DogoFinance.Integration.csproj : warning NU1903: Package 'AutoMapper' 12.0.1 has a known high severity vulnerability, https://github.com/advisories/GHSA-rvv3-g6hj-g44x [C:\Users\Malik\source\repos\DogoFinanceAPI\DogoFinanceAPI\DogoFinanceAPI.sln]
C:\Users\Malik\source\repos\DogoFinanceAPI\DogoFinanceAPI\DogoFinance.Api\DogoFinance.Api.csproj : warning NU1903: Package 'AutoMapper' 12.0.1 has a known high severity vulnerability, https://github.com/advisories/GHSA-rvv3-g6hj-g44x [C:\Users\Malik\source\repos\DogoFinanceAPI\DogoFinanceAPI\DogoFinanceAPI.sln]
C:\Users\Malik\source\repos\DogoFinanceAPI\DogoFinanceAPI\DogoFinance.DataAccess.Layer\DogoFinance.DataAccess.Layer.csproj : warning NU1903: Package 'Microsoft.Extensions.Caching.Memory' 6.0.1 has a known high severity vulnerability, https://github.com/advisories/GHSA-qj66-m88j-hmgj [C:\Users\Malik\source\repos\DogoFinanceAPI\DogoFinanceAPI\DogoFinanceAPI.sln]
C:\Users\Malik\source\repos\DogoFinanceAPI\DogoFinanceAPI\DogoFinance.Authentication\DogoFinance.Authentication.csproj : warning NU1903: Package 'AutoMapper' 12.0.1 has a known high severity vulnerability, https://github.com/advisories/GHSA-rvv3-g6hj-g44x [C:\Users\Malik\source\repos\DogoFinanceAPI\DogoFinanceAPI\DogoFinanceAPI.sln]
C:\Users\Malik\source\repos\DogoFinanceAPI\DogoFinanceAPI\DogoFinance.Integration\DogoFinance.Integration.csproj : warning NU1903: Package 'Microsoft.Data.SqlClient' 2.1.4 has a known high severity vulnerability, https://github.com/advisories/GHSA-98g6-xh36-x2p7 [C:\Users\Malik\source\repos\DogoFinanceAPI\DogoFinanceAPI\DogoFinanceAPI.sln]
C:\Users\Malik\source\repos\DogoFinanceAPI\DogoFinanceAPI\DogoFinance.DataAccess.Layer\DogoFinance.DataAccess.Layer.csproj : warning NU1902: Package 'Microsoft.IdentityModel.JsonWebTokens' 6.8.0 has a known moderate severity vulnerability, https://github.com/advisories/GHSA-59j7-ghrg-fj52 [C:\Users\Malik\source\repos\DogoFinanceAPI\DogoFinanceAPI\DogoFinanceAPI.sln]
C:\Users\Malik\source\repos\DogoFinanceAPI\DogoFinanceAPI\DogoFinance.DataAccess.Layer\DogoFinance.DataAccess.Layer.csproj : warning NU1904: Package 'System.Drawing.Common' 4.7.0 has a known critical severity vulnerability, https://github.com/advisories/GHSA-rxg9-xrhp-64gj [C:\Users\Malik\source\repos\DogoFinanceAPI\DogoFinanceAPI\DogoFinanceAPI.sln]
C:\Users\Malik\source\repos\DogoFinanceAPI\DogoFinanceAPI\DogoFinance.Integration\DogoFinance.Integration.csproj : warning NU1903: Package 'Microsoft.Extensions.Caching.Memory' 6.0.1 has a known high severity vulnerability, https://github.com/advisories/GHSA-qj66-m88j-hmgj [C:\Users\Malik\source\repos\DogoFinanceAPI\DogoFinanceAPI\DogoFinanceAPI.sln]
C:\Users\Malik\source\repos\DogoFinanceAPI\DogoFinanceAPI\DogoFinance.Api\DogoFinance.Api.csproj : warning NU1903: Package 'Microsoft.Data.SqlClient' 2.1.4 has a known high severity vulnerability, https://github.com/advisories/GHSA-98g6-xh36-x2p7 [C:\Users\Malik\source\repos\DogoFinanceAPI\DogoFinanceAPI\DogoFinanceAPI.sln]
C:\Users\Malik\source\repos\DogoFinanceAPI\DogoFinanceAPI\DogoFinance.DataAccess.Layer\DogoFinance.DataAccess.Layer.csproj : warning NU1902: Package 'System.IdentityModel.Tokens.Jwt' 6.8.0 has a known moderate severity vulnerability, https://github.com/advisories/GHSA-59j7-ghrg-fj52 [C:\Users\Malik\source\repos\DogoFinanceAPI\DogoFinanceAPI\DogoFinanceAPI.sln]
C:\Users\Malik\source\repos\DogoFinanceAPI\DogoFinanceAPI\DogoFinance.Integration\DogoFinance.Integration.csproj : warning NU1902: Package 'Microsoft.IdentityModel.JsonWebTokens' 6.8.0 has a known moderate severity vulnerability, https://github.com/advisories/GHSA-59j7-ghrg-fj52 [C:\Users\Malik\source\repos\DogoFinanceAPI\DogoFinanceAPI\DogoFinanceAPI.sln]
C:\Users\Malik\source\repos\DogoFinanceAPI\DogoFinanceAPI\DogoFinance.Authentication\DogoFinance.Authentication.csproj : warning NU1903: Package 'Microsoft.Data.SqlClient' 2.1.4 has a known high severity vulnerability, https://github.com/advisories/GHSA-98g6-xh36-x2p7 [C:\Users\Malik\source\repos\DogoFinanceAPI\DogoFinanceAPI\DogoFinanceAPI.sln]
C:\Users\Malik\source\repos\DogoFinanceAPI\DogoFinanceAPI\DogoFinance.Api\DogoFinance.Api.csproj : warning NU1903: Package 'Microsoft.Extensions.Caching.Memory' 6.0.1 has a known high severity vulnerability, https://github.com/advisories/GHSA-qj66-m88j-hmgj [C:\Users\Malik\source\repos\DogoFinanceAPI\DogoFinanceAPI\DogoFinanceAPI.sln]
C:\Users\Malik\source\repos\DogoFinanceAPI\DogoFinanceAPI\DogoFinance.Integration\DogoFinance.Integration.csproj : warning NU1904: Package 'System.Drawing.Common' 4.7.0 has a known critical severity vulnerability, https://github.com/advisories/GHSA-rxg9-xrhp-64gj [C:\Users\Malik\source\repos\DogoFinanceAPI\DogoFinanceAPI\DogoFinanceAPI.sln]
C:\Users\Malik\source\repos\DogoFinanceAPI\DogoFinanceAPI\DogoFinance.Authentication\DogoFinance.Authentication.csproj : warning NU1903: Package 'Microsoft.Extensions.Caching.Memory' 6.0.1 has a known high severity vulnerability, https://github.com/advisories/GHSA-qj66-m88j-hmgj [C:\Users\Malik\source\repos\DogoFinanceAPI\DogoFinanceAPI\DogoFinanceAPI.sln]
C:\Users\Malik\source\repos\DogoFinanceAPI\DogoFinanceAPI\DogoFinance.Integration\DogoFinance.Integration.csproj : warning NU1902: Package 'System.IdentityModel.Tokens.Jwt' 6.8.0 has a known moderate severity vulnerability, https://github.com/advisories/GHSA-59j7-ghrg-fj52 [C:\Users\Malik\source\repos\DogoFinanceAPI\DogoFinanceAPI\DogoFinanceAPI.sln]
C:\Users\Malik\source\repos\DogoFinanceAPI\DogoFinanceAPI\DogoFinance.Api\DogoFinance.Api.csproj : warning NU1902: Package 'Microsoft.IdentityModel.JsonWebTokens' 6.25.1 has a known moderate severity vulnerability, https://github.com/advisories/GHSA-59j7-ghrg-fj52 [C:\Users\Malik\source\repos\DogoFinanceAPI\DogoFinanceAPI\DogoFinanceAPI.sln]
C:\Users\Malik\source\repos\DogoFinanceAPI\DogoFinanceAPI\DogoFinance.Integration\DogoFinance.Integration.csproj : warning NU1904: Package 'System.Text.Encodings.Web' 4.5.0 has a known critical severity vulnerability, https://github.com/advisories/GHSA-ghhp-997w-qr28 [C:\Users\Malik\source\repos\DogoFinanceAPI\DogoFinanceAPI\DogoFinanceAPI.sln]
C:\Users\Malik\source\repos\DogoFinanceAPI\DogoFinanceAPI\DogoFinance.Authentication\DogoFinance.Authentication.csproj : warning NU1902: Package 'Microsoft.IdentityModel.JsonWebTokens' 6.25.1 has a known moderate severity vulnerability, https://github.com/advisories/GHSA-59j7-ghrg-fj52 [C:\Users\Malik\source\repos\DogoFinanceAPI\DogoFinanceAPI\DogoFinanceAPI.sln]
C:\Users\Malik\source\repos\DogoFinanceAPI\DogoFinanceAPI\DogoFinance.Api\DogoFinance.Api.csproj : warning NU1904: Package 'System.Drawing.Common' 4.7.0 has a known critical severity vulnerability, https://github.com/advisories/GHSA-rxg9-xrhp-64gj [C:\Users\Malik\source\repos\DogoFinanceAPI\DogoFinanceAPI\DogoFinanceAPI.sln]
C:\Users\Malik\source\repos\DogoFinanceAPI\DogoFinanceAPI\DogoFinance.Authentication\DogoFinance.Authentication.csproj : warning NU1904: Package 'System.Drawing.Common' 4.7.0 has a known critical severity vulnerability, https://github.com/advisories/GHSA-rxg9-xrhp-64gj [C:\Users\Malik\source\repos\DogoFinanceAPI\DogoFinanceAPI\DogoFinanceAPI.sln]
C:\Users\Malik\source\repos\DogoFinanceAPI\DogoFinanceAPI\DogoFinance.Api\DogoFinance.Api.csproj : warning NU1902: Package 'System.IdentityModel.Tokens.Jwt' 6.25.1 has a known moderate severity vulnerability, https://github.com/advisories/GHSA-59j7-ghrg-fj52 [C:\Users\Malik\source\repos\DogoFinanceAPI\DogoFinanceAPI\DogoFinanceAPI.sln]
C:\Users\Malik\source\repos\DogoFinanceAPI\DogoFinanceAPI\DogoFinance.Authentication\DogoFinance.Authentication.csproj : warning NU1902: Package 'System.IdentityModel.Tokens.Jwt' 6.25.1 has a known moderate severity vulnerability, https://github.com/advisories/GHSA-59j7-ghrg-fj52 [C:\Users\Malik\source\repos\DogoFinanceAPI\DogoFinanceAPI\DogoFinanceAPI.sln]
C:\Users\Malik\source\repos\DogoFinanceAPI\DogoFinanceAPI\DogoFinance.Api\DogoFinance.Api.csproj : warning NU1904: Package 'System.Text.Encodings.Web' 4.5.0 has a known critical severity vulnerability, https://github.com/advisories/GHSA-ghhp-997w-qr28 [C:\Users\Malik\source\repos\DogoFinanceAPI\DogoFinanceAPI\DogoFinanceAPI.sln]
C:\Users\Malik\source\repos\DogoFinanceAPI\DogoFinanceAPI\DogoFinance.Authentication\DogoFinance.Authentication.csproj : warning NU1904: Package 'System.Text.Encodings.Web' 4.5.0 has a known critical severity vulnerability, https://github.com/advisories/GHSA-ghhp-997w-qr28 [C:\Users\Malik\source\repos\DogoFinanceAPI\DogoFinanceAPI\DogoFinanceAPI.sln]
C:\Users\Malik\source\repos\DogoFinanceAPI\DogoFinanceAPI\DogoFinance.ProductManagement\DogoFinance.ProductManagement.csproj : warning NU1903: Package 'AutoMapper' 12.0.1 has a known high severity vulnerability, https://github.com/advisories/GHSA-rvv3-g6hj-g44x [C:\Users\Malik\source\repos\DogoFinanceAPI\DogoFinanceAPI\DogoFinanceAPI.sln]
C:\Users\Malik\source\repos\DogoFinanceAPI\DogoFinanceAPI\DogoFinance.ProductManagement\DogoFinance.ProductManagement.csproj : warning NU1903: Package 'Microsoft.Data.SqlClient' 2.1.4 has a known high severity vulnerability, https://github.com/advisories/GHSA-98g6-xh36-x2p7 [C:\Users\Malik\source\repos\DogoFinanceAPI\DogoFinanceAPI\DogoFinanceAPI.sln]
C:\Users\Malik\source\repos\DogoFinanceAPI\DogoFinanceAPI\DogoFinance.ProductManagement\DogoFinance.ProductManagement.csproj : warning NU1903: Package 'Microsoft.Extensions.Caching.Memory' 6.0.1 has a known high severity vulnerability, https://github.com/advisories/GHSA-qj66-m88j-hmgj [C:\Users\Malik\source\repos\DogoFinanceAPI\DogoFinanceAPI\DogoFinanceAPI.sln]
C:\Users\Malik\source\repos\DogoFinanceAPI\DogoFinanceAPI\DogoFinance.ProductManagement\DogoFinance.ProductManagement.csproj : warning NU1902: Package 'Microsoft.IdentityModel.JsonWebTokens' 6.25.1 has a known moderate severity vulnerability, https://github.com/advisories/GHSA-59j7-ghrg-fj52 [C:\Users\Malik\source\repos\DogoFinanceAPI\DogoFinanceAPI\DogoFinanceAPI.sln]
C:\Users\Malik\source\repos\DogoFinanceAPI\DogoFinanceAPI\DogoFinance.ProductManagement\DogoFinance.ProductManagement.csproj : warning NU1904: Package 'System.Drawing.Common' 4.7.0 has a known critical severity vulnerability, https://github.com/advisories/GHSA-rxg9-xrhp-64gj [C:\Users\Malik\source\repos\DogoFinanceAPI\DogoFinanceAPI\DogoFinanceAPI.sln]
C:\Users\Malik\source\repos\DogoFinanceAPI\DogoFinanceAPI\DogoFinance.ProductManagement\DogoFinance.ProductManagement.csproj : warning NU1902: Package 'System.IdentityModel.Tokens.Jwt' 6.25.1 has a known moderate severity vulnerability, https://github.com/advisories/GHSA-59j7-ghrg-fj52 [C:\Users\Malik\source\repos\DogoFinanceAPI\DogoFinanceAPI\DogoFinanceAPI.sln]
C:\Users\Malik\source\repos\DogoFinanceAPI\DogoFinanceAPI\DogoFinance.ProductManagement\DogoFinance.ProductManagement.csproj : warning NU1904: Package 'System.Text.Encodings.Web' 4.5.0 has a known critical severity vulnerability, https://github.com/advisories/GHSA-ghhp-997w-qr28 [C:\Users\Malik\source\repos\DogoFinanceAPI\DogoFinanceAPI\DogoFinanceAPI.sln]
C:\Users\Malik\source\repos\DogoFinanceAPI\DogoFinanceAPI\DogoFinance.Authentication\DogoFinance.Authentication.csproj : warning NU1903: Package 'AutoMapper' 12.0.1 has a known high severity vulnerability, https://github.com/advisories/GHSA-rvv3-g6hj-g44x
C:\Users\Malik\source\repos\DogoFinanceAPI\DogoFinanceAPI\DogoFinance.Authentication\DogoFinance.Authentication.csproj : warning NU1903: Package 'Microsoft.Data.SqlClient' 2.1.4 has a known high severity vulnerability, https://github.com/advisories/GHSA-98g6-xh36-x2p7
C:\Users\Malik\source\repos\DogoFinanceAPI\DogoFinanceAPI\DogoFinance.Integration\DogoFinance.Integration.csproj : warning NU1903: Package 'AutoMapper' 12.0.1 has a known high severity vulnerability, https://github.com/advisories/GHSA-rvv3-g6hj-g44x
C:\Users\Malik\source\repos\DogoFinanceAPI\DogoFinanceAPI\DogoFinance.DataAccess.Layer\DogoFinance.DataAccess.Layer.csproj : warning NU1903: Package 'Microsoft.Data.SqlClient' 2.1.4 has a known high severity vulnerability, https://github.com/advisories/GHSA-98g6-xh36-x2p7
C:\Users\Malik\source\repos\DogoFinanceAPI\DogoFinanceAPI\DogoFinance.Integration\DogoFinance.Integration.csproj : warning NU1903: Package 'Microsoft.Data.SqlClient' 2.1.4 has a known high severity vulnerability, https://github.com/advisories/GHSA-98g6-xh36-x2p7
C:\Users\Malik\source\repos\DogoFinanceAPI\DogoFinanceAPI\DogoFinance.DataAccess.Layer\DogoFinance.DataAccess.Layer.csproj : warning NU1903: Package 'Microsoft.Extensions.Caching.Memory' 6.0.1 has a known high severity vulnerability, https://github.com/advisories/GHSA-qj66-m88j-hmgj
C:\Users\Malik\source\repos\DogoFinanceAPI\DogoFinanceAPI\DogoFinance.DataAccess.Layer\DogoFinance.DataAccess.Layer.csproj : warning NU1902: Package 'Microsoft.IdentityModel.JsonWebTokens' 6.8.0 has a known moderate severity vulnerability, https://github.com/advisories/GHSA-59j7-ghrg-fj52
C:\Users\Malik\source\repos\DogoFinanceAPI\DogoFinanceAPI\DogoFinance.DataAccess.Layer\DogoFinance.DataAccess.Layer.csproj : warning NU1904: Package 'System.Drawing.Common' 4.7.0 has a known critical severity vulnerability, https://github.com/advisories/GHSA-rxg9-xrhp-64gj
C:\Users\Malik\source\repos\DogoFinanceAPI\DogoFinanceAPI\DogoFinance.AdminManagement\DogoFinance.AdminManagement.csproj : warning NU1900: Error occurred while getting package vulnerability data: Unable to load the service index for source https://api.nuget.org/v3/index.json.
C:\Users\Malik\source\repos\DogoFinanceAPI\DogoFinanceAPI\DogoFinance.Integration\DogoFinance.Integration.csproj : warning NU1903: Package 'Microsoft.Extensions.Caching.Memory' 6.0.1 has a known high severity vulnerability, https://github.com/advisories/GHSA-qj66-m88j-hmgj
C:\Users\Malik\source\repos\DogoFinanceAPI\DogoFinanceAPI\DogoFinance.Authentication\DogoFinance.Authentication.csproj : warning NU1903: Package 'Microsoft.Extensions.Caching.Memory' 6.0.1 has a known high severity vulnerability, https://github.com/advisories/GHSA-qj66-m88j-hmgj
C:\Users\Malik\source\repos\DogoFinanceAPI\DogoFinanceAPI\DogoFinance.CustomerManagement\DogoFinance.CustomerManagement.csproj : warning NU1900: Error occurred while getting package vulnerability data: Unable to load the service index for source https://api.nuget.org/v3/index.json.
C:\Users\Malik\source\repos\DogoFinanceAPI\DogoFinanceAPI\DogoFinance.DataAccess.Layer\DogoFinance.DataAccess.Layer.csproj : warning NU1902: Package 'System.IdentityModel.Tokens.Jwt' 6.8.0 has a known moderate severity vulnerability, https://github.com/advisories/GHSA-59j7-ghrg-fj52
C:\Users\Malik\source\repos\DogoFinanceAPI\DogoFinanceAPI\DogoFinance.Integration\DogoFinance.Integration.csproj : warning NU1902: Package 'Microsoft.IdentityModel.JsonWebTokens' 6.8.0 has a known moderate severity vulnerability, https://github.com/advisories/GHSA-59j7-ghrg-fj52
C:\Users\Malik\source\repos\DogoFinanceAPI\DogoFinanceAPI\DogoFinance.Authentication\DogoFinance.Authentication.csproj : warning NU1902: Package 'Microsoft.IdentityModel.JsonWebTokens' 6.25.1 has a known moderate severity vulnerability, https://github.com/advisories/GHSA-59j7-ghrg-fj52
C:\Users\Malik\source\repos\DogoFinanceAPI\DogoFinanceAPI\DogoFinance.Integration\DogoFinance.Integration.csproj : warning NU1904: Package 'System.Drawing.Common' 4.7.0 has a known critical severity vulnerability, https://github.com/advisories/GHSA-rxg9-xrhp-64gj
C:\Users\Malik\source\repos\DogoFinanceAPI\DogoFinanceAPI\DogoFinance.Authentication\DogoFinance.Authentication.csproj : warning NU1904: Package 'System.Drawing.Common' 4.7.0 has a known critical severity vulnerability, https://github.com/advisories/GHSA-rxg9-xrhp-64gj
C:\Users\Malik\source\repos\DogoFinanceAPI\DogoFinanceAPI\DogoFinance.BusinessLogic.Layer\DogoFinance.BusinessLogic.Layer.csproj : warning NU1900: Error occurred while getting package vulnerability data: Unable to load the service index for source https://api.nuget.org/v3/index.json.
C:\Users\Malik\source\repos\DogoFinanceAPI\DogoFinanceAPI\DogoFinance.Integration\DogoFinance.Integration.csproj : warning NU1902: Package 'System.IdentityModel.Tokens.Jwt' 6.8.0 has a known moderate severity vulnerability, https://github.com/advisories/GHSA-59j7-ghrg-fj52
C:\Users\Malik\source\repos\DogoFinanceAPI\DogoFinanceAPI\DogoFinance.Authentication\DogoFinance.Authentication.csproj : warning NU1902: Package 'System.IdentityModel.Tokens.Jwt' 6.25.1 has a known moderate severity vulnerability, https://github.com/advisories/GHSA-59j7-ghrg-fj52
C:\Users\Malik\source\repos\DogoFinanceAPI\DogoFinanceAPI\DogoFinance.Integration\DogoFinance.Integration.csproj : warning NU1904: Package 'System.Text.Encodings.Web' 4.5.0 has a known critical severity vulnerability, https://github.com/advisories/GHSA-ghhp-997w-qr28
C:\Users\Malik\source\repos\DogoFinanceAPI\DogoFinanceAPI\DogoFinance.Authentication\DogoFinance.Authentication.csproj : warning NU1904: Package 'System.Text.Encodings.Web' 4.5.0 has a known critical severity vulnerability, https://github.com/advisories/GHSA-ghhp-997w-qr28
C:\Users\Malik\source\repos\DogoFinanceAPI\DogoFinanceAPI\DogoFinance.TransactionManagement\DogoFinance.TransactionManagement.csproj : warning NU1903: Package 'AutoMapper' 12.0.1 has a known high severity vulnerability, https://github.com/advisories/GHSA-rvv3-g6hj-g44x
C:\Users\Malik\source\repos\DogoFinanceAPI\DogoFinanceAPI\DogoFinance.TransactionManagement\DogoFinance.TransactionManagement.csproj : warning NU1903: Package 'Microsoft.Data.SqlClient' 2.1.4 has a known high severity vulnerability, https://github.com/advisories/GHSA-98g6-xh36-x2p7
C:\Users\Malik\source\repos\DogoFinanceAPI\DogoFinanceAPI\DogoFinance.TransactionManagement\DogoFinance.TransactionManagement.csproj : warning NU1903: Package 'Microsoft.Extensions.Caching.Memory' 6.0.1 has a known high severity vulnerability, https://github.com/advisories/GHSA-qj66-m88j-hmgj
C:\Users\Malik\source\repos\DogoFinanceAPI\DogoFinanceAPI\DogoFinance.TransactionManagement\DogoFinance.TransactionManagement.csproj : warning NU1902: Package 'Microsoft.IdentityModel.JsonWebTokens' 6.25.1 has a known moderate severity vulnerability, https://github.com/advisories/GHSA-59j7-ghrg-fj52
C:\Users\Malik\source\repos\DogoFinanceAPI\DogoFinanceAPI\DogoFinance.TransactionManagement\DogoFinance.TransactionManagement.csproj : warning NU1904: Package 'System.Drawing.Common' 4.7.0 has a known critical severity vulnerability, https://github.com/advisories/GHSA-rxg9-xrhp-64gj
C:\Users\Malik\source\repos\DogoFinanceAPI\DogoFinanceAPI\DogoFinance.TransactionManagement\DogoFinance.TransactionManagement.csproj : warning NU1902: Package 'System.IdentityModel.Tokens.Jwt' 6.25.1 has a known moderate severity vulnerability, https://github.com/advisories/GHSA-59j7-ghrg-fj52
C:\Users\Malik\source\repos\DogoFinanceAPI\DogoFinanceAPI\DogoFinance.TransactionManagement\DogoFinance.TransactionManagement.csproj : warning NU1904: Package 'System.Text.Encodings.Web' 4.5.0 has a known critical severity vulnerability, https://github.com/advisories/GHSA-ghhp-997w-qr28
C:\Users\Malik\source\repos\DogoFinanceAPI\DogoFinanceAPI\DogoFinance.ProductManagement\DogoFinance.ProductManagement.csproj : warning NU1903: Package 'AutoMapper' 12.0.1 has a known high severity vulnerability, https://github.com/advisories/GHSA-rvv3-g6hj-g44x
C:\Users\Malik\source\repos\DogoFinanceAPI\DogoFinanceAPI\DogoFinance.ProductManagement\DogoFinance.ProductManagement.csproj : warning NU1903: Package 'Microsoft.Data.SqlClient' 2.1.4 has a known high severity vulnerability, https://github.com/advisories/GHSA-98g6-xh36-x2p7
C:\Users\Malik\source\repos\DogoFinanceAPI\DogoFinanceAPI\DogoFinance.ProductManagement\DogoFinance.ProductManagement.csproj : warning NU1903: Package 'Microsoft.Extensions.Caching.Memory' 6.0.1 has a known high severity vulnerability, https://github.com/advisories/GHSA-qj66-m88j-hmgj
C:\Users\Malik\source\repos\DogoFinanceAPI\DogoFinanceAPI\DogoFinance.ProductManagement\DogoFinance.ProductManagement.csproj : warning NU1902: Package 'Microsoft.IdentityModel.JsonWebTokens' 6.25.1 has a known moderate severity vulnerability, https://github.com/advisories/GHSA-59j7-ghrg-fj52
C:\Users\Malik\source\repos\DogoFinanceAPI\DogoFinanceAPI\DogoFinance.ProductManagement\DogoFinance.ProductManagement.csproj : warning NU1904: Package 'System.Drawing.Common' 4.7.0 has a known critical severity vulnerability, https://github.com/advisories/GHSA-rxg9-xrhp-64gj
C:\Users\Malik\source\repos\DogoFinanceAPI\DogoFinanceAPI\DogoFinance.ProductManagement\DogoFinance.ProductManagement.csproj : warning NU1902: Package 'System.IdentityModel.Tokens.Jwt' 6.25.1 has a known moderate severity vulnerability, https://github.com/advisories/GHSA-59j7-ghrg-fj52
C:\Users\Malik\source\repos\DogoFinanceAPI\DogoFinanceAPI\DogoFinance.ProductManagement\DogoFinance.ProductManagement.csproj : warning NU1904: Package 'System.Text.Encodings.Web' 4.5.0 has a known critical severity vulnerability, https://github.com/advisories/GHSA-ghhp-997w-qr28
C:\Users\Malik\source\repos\DogoFinanceAPI\DogoFinanceAPI\DogoFinance.Api\DogoFinance.Api.csproj : warning NU1903: Package 'AutoMapper' 12.0.1 has a known high severity vulnerability, https://github.com/advisories/GHSA-rvv3-g6hj-g44x
C:\Users\Malik\source\repos\DogoFinanceAPI\DogoFinanceAPI\DogoFinance.Api\DogoFinance.Api.csproj : warning NU1903: Package 'Microsoft.Data.SqlClient' 2.1.4 has a known high severity vulnerability, https://github.com/advisories/GHSA-98g6-xh36-x2p7
C:\Users\Malik\source\repos\DogoFinanceAPI\DogoFinanceAPI\DogoFinance.Api\DogoFinance.Api.csproj : warning NU1903: Package 'Microsoft.Extensions.Caching.Memory' 6.0.1 has a known high severity vulnerability, https://github.com/advisories/GHSA-qj66-m88j-hmgj
C:\Users\Malik\source\repos\DogoFinanceAPI\DogoFinanceAPI\DogoFinance.Api\DogoFinance.Api.csproj : warning NU1902: Package 'Microsoft.IdentityModel.JsonWebTokens' 6.25.1 has a known moderate severity vulnerability, https://github.com/advisories/GHSA-59j7-ghrg-fj52
C:\Users\Malik\source\repos\DogoFinanceAPI\DogoFinanceAPI\DogoFinance.Api\DogoFinance.Api.csproj : warning NU1904: Package 'System.Drawing.Common' 4.7.0 has a known critical severity vulnerability, https://github.com/advisories/GHSA-rxg9-xrhp-64gj
C:\Users\Malik\source\repos\DogoFinanceAPI\DogoFinanceAPI\DogoFinance.Api\DogoFinance.Api.csproj : warning NU1902: Package 'System.IdentityModel.Tokens.Jwt' 6.25.1 has a known moderate severity vulnerability, https://github.com/advisories/GHSA-59j7-ghrg-fj52
C:\Users\Malik\source\repos\DogoFinanceAPI\DogoFinanceAPI\DogoFinance.Api\DogoFinance.Api.csproj : warning NU1904: Package 'System.Text.Encodings.Web' 4.5.0 has a known critical severity vulnerability, https://github.com/advisories/GHSA-ghhp-997w-qr28
C:\Users\Malik\source\repos\DogoFinanceAPI\DogoFinanceAPI\DogoFinance.Api\Extensions\ServiceCollectionExtensions.cs(10,39): error CS0234: The type or namespace name 'Interfaces' does not exist in the namespace 'DogoFinance.BusinessLogic.Layer' (are you missing an assembly reference?) [C:\Users\Malik\source\repos\DogoFinanceAPI\DogoFinanceAPI\DogoFinance.Api\DogoFinance.Api.csproj]
C:\Users\Malik\source\repos\DogoFinanceAPI\DogoFinanceAPI\DogoFinance.Api\Extensions\ServiceCollectionExtensions.cs(11,39): error CS0234: The type or namespace name 'Services' does not exist in the namespace 'DogoFinance.BusinessLogic.Layer' (are you missing an assembly reference?) [C:\Users\Malik\source\repos\DogoFinanceAPI\DogoFinanceAPI\DogoFinance.Api\DogoFinance.Api.csproj]
    86 Warning(s)
    2 Error(s)

Time Elapsed 00:00:03.31
